"6","1155656","Common Components and Processors (PR)"
"7","1152674","Platform Introduction (PR)"
