id,name
"1","fruit"
"2","vegetable"
"3","beverages"
"4","chocolate"
"5","beer"
"6","wine"
