id,value,role,name
"1","1152674","Platform Introduction (PR)","Monday"
"2","1152674","Platform Introduction (PR)","Tuesday"
"3","1249022","SQL Syntax Training (PR)","Wednesday"
"4","1152675","Best Practices (PR)","Thursday"
"5","1152676","Debug Techniques (PR)","Friday"
"6","1155656","Common Components and Processors (PR)","Saturday"
"7","1152674","Platform Introduction (PR)","Sunday"
